{
  "fns": [
    {
      "schemaName": "pganalyze",
      "functionName": "get_stat_replication"
    }
  ],
  "roles": {
    "name": "pganalyze"
  }
}
